Archive member included to satisfy reference by file (symbol)

C:/Users/ASUS/AppData/Local/stm32cube/bundles/gnu-tools-for-stm32/14.3.1+st.2/bin/../lib/gcc/arm-none-eabi/14.3.1/thumb/v7e-m+fp/hard\libgcc.a(_aeabi_uldivmod.o)
                              cmake/stm32cubemx/CMakeFiles/STM32_Drivers.dir/__/__/Drivers/STM32F4xx_HAL_Driver/Src/stm32f4xx_hal_uart.c.obj (__aeabi_uldivmod)
C:/Users/ASUS/AppData/Local/stm32cube/bundles/gnu-tools-for-stm32/14.3.1+st.2/bin/../lib/gcc/arm-none-eabi/14.3.1/thumb/v7e-m+fp/hard\libgcc.a(_udivmoddi4.o)
                              C:/Users/ASUS/AppData/Local/stm32cube/bundles/gnu-tools-for-stm32/14.3.1+st.2/bin/../lib/gcc/arm-none-eabi/14.3.1/thumb/v7e-m+fp/hard\libgcc.a(_aeabi_uldivmod.o) (__udivmoddi4)
C:/Users/ASUS/AppData/Local/stm32cube/bundles/gnu-tools-for-stm32/14.3.1+st.2/bin/../lib/gcc/arm-none-eabi/14.3.1/thumb/v7e-m+fp/hard\libgcc.a(_dvmd_tls.o)
                              C:/Users/ASUS/AppData/Local/stm32cube/bundles/gnu-tools-for-stm32/14.3.1+st.2/bin/../lib/gcc/arm-none-eabi/14.3.1/thumb/v7e-m+fp/hard\libgcc.a(_aeabi_uldivmod.o) (__aeabi_ldiv0)
C:/Users/ASUS/AppData/Local/stm32cube/bundles/gnu-tools-for-stm32/14.3.1+st.2/bin/../lib/gcc/arm-none-eabi/14.3.1/../../../../arm-none-eabi/lib/thumb/v7e-m+fp/hard\libg_nano.a(libc_a-exit.o)
                              C:/Users/ASUS/AppData/Local/stm32cube/bundles/gnu-tools-for-stm32/14.3.1+st.2/bin/../lib/gcc/arm-none-eabi/14.3.1/../../../../arm-none-eabi/lib/thumb/v7e-m+fp/hard/crt0.o (exit)
C:/Users/ASUS/AppData/Local/stm32cube/bundles/gnu-tools-for-stm32/14.3.1+st.2/bin/../lib/gcc/arm-none-eabi/14.3.1/../../../../arm-none-eabi/lib/thumb/v7e-m+fp/hard\libg_nano.a(libc_a-findfp.o)
                              C:/Users/ASUS/AppData/Local/stm32cube/bundles/gnu-tools-for-stm32/14.3.1+st.2/bin/../lib/gcc/arm-none-eabi/14.3.1/../../../../arm-none-eabi/lib/thumb/v7e-m+fp/hard\libg_nano.a(libc_a-exit.o) (__stdio_exit_handler)
C:/Users/ASUS/AppData/Local/stm32cube/bundles/gnu-tools-for-stm32/14.3.1+st.2/bin/../lib/gcc/arm-none-eabi/14.3.1/../../../../arm-none-eabi/lib/thumb/v7e-m+fp/hard\libg_nano.a(libc_a-fwalk.o)
                              C:/Users/ASUS/AppData/Local/stm32cube/bundles/gnu-tools-for-stm32/14.3.1+st.2/bin/../lib/gcc/arm-none-eabi/14.3.1/../../../../arm-none-eabi/lib/thumb/v7e-m+fp/hard\libg_nano.a(libc_a-findfp.o) (_fwalk_sglue)
C:/Users/ASUS/AppData/Local/stm32cube/bundles/gnu-tools-for-stm32/14.3.1+st.2/bin/../lib/gcc/arm-none-eabi/14.3.1/../../../../arm-none-eabi/lib/thumb/v7e-m+fp/hard\libg_nano.a(libc_a-stdio.o)
                              C:/Users/ASUS/AppData/Local/stm32cube/bundles/gnu-tools-for-stm32/14.3.1+st.2/bin/../lib/gcc/arm-none-eabi/14.3.1/../../../../arm-none-eabi/lib/thumb/v7e-m+fp/hard\libg_nano.a(libc_a-findfp.o) (__sread)
C:/Users/ASUS/AppData/Local/stm32cube/bundles/gnu-tools-for-stm32/14.3.1+st.2/bin/../lib/gcc/arm-none-eabi/14.3.1/../../../../arm-none-eabi/lib/thumb/v7e-m+fp/hard\libg_nano.a(libc_a-memset.o)
                              C:/Users/ASUS/AppData/Local/stm32cube/bundles/gnu-tools-for-stm32/14.3.1+st.2/bin/../lib/gcc/arm-none-eabi/14.3.1/../../../../arm-none-eabi/lib/thumb/v7e-m+fp/hard/crt0.o (memset)
C:/Users/ASUS/AppData/Local/stm32cube/bundles/gnu-tools-for-stm32/14.3.1+st.2/bin/../lib/gcc/arm-none-eabi/14.3.1/../../../../arm-none-eabi/lib/thumb/v7e-m+fp/hard\libg_nano.a(libc_a-closer.o)
                              C:/Users/ASUS/AppData/Local/stm32cube/bundles/gnu-tools-for-stm32/14.3.1+st.2/bin/../lib/gcc/arm-none-eabi/14.3.1/../../../../arm-none-eabi/lib/thumb/v7e-m+fp/hard\libg_nano.a(libc_a-stdio.o) (_close_r)
C:/Users/ASUS/AppData/Local/stm32cube/bundles/gnu-tools-for-stm32/14.3.1+st.2/bin/../lib/gcc/arm-none-eabi/14.3.1/../../../../arm-none-eabi/lib/thumb/v7e-m+fp/hard\libg_nano.a(libc_a-reent.o)
                              C:/Users/ASUS/AppData/Local/stm32cube/bundles/gnu-tools-for-stm32/14.3.1+st.2/bin/../lib/gcc/arm-none-eabi/14.3.1/../../../../arm-none-eabi/lib/thumb/v7e-m+fp/hard\libg_nano.a(libc_a-closer.o) (errno)
C:/Users/ASUS/AppData/Local/stm32cube/bundles/gnu-tools-for-stm32/14.3.1+st.2/bin/../lib/gcc/arm-none-eabi/14.3.1/../../../../arm-none-eabi/lib/thumb/v7e-m+fp/hard\libg_nano.a(libc_a-impure.o)
                              C:/Users/ASUS/AppData/Local/stm32cube/bundles/gnu-tools-for-stm32/14.3.1+st.2/bin/../lib/gcc/arm-none-eabi/14.3.1/../../../../arm-none-eabi/lib/thumb/v7e-m+fp/hard\libg_nano.a(libc_a-reent.o) (_impure_ptr)
C:/Users/ASUS/AppData/Local/stm32cube/bundles/gnu-tools-for-stm32/14.3.1+st.2/bin/../lib/gcc/arm-none-eabi/14.3.1/../../../../arm-none-eabi/lib/thumb/v7e-m+fp/hard\libg_nano.a(libc_a-lseekr.o)
                              C:/Users/ASUS/AppData/Local/stm32cube/bundles/gnu-tools-for-stm32/14.3.1+st.2/bin/../lib/gcc/arm-none-eabi/14.3.1/../../../../arm-none-eabi/lib/thumb/v7e-m+fp/hard\libg_nano.a(libc_a-stdio.o) (_lseek_r)
[...]
Memory Configuration

Name             Origin             Length             Attributes
RAM              0x20000000         0x00030000         xrw
CCMRAM           0x10000000         0x00010000         xrw
FLASH            0x08000000         0x00100000         xr
*default*        0x00000000         0xffffffff

Linker script and memory map

LOAD C:/Users/ASUS/AppData/Local/stm32cube/bundles/gnu-tools-for-stm32/14.3.1+st.2/bin/../lib/gcc/arm-none-eabi/14.3.1/thumb/v7e-m+fp/hard/crti.o
LOAD C:/Users/ASUS/AppData/Local/stm32cube/bundles/gnu-tools-for-stm32/14.3.1+st.2/bin/../lib/gcc/arm-none-eabi/14.3.1/thumb/v7e-m+fp/hard/crtbegin.o
LOAD C:/Users/ASUS/AppData/Local/stm32cube/bundles/gnu-tools-for-stm32/14.3.1+st.2/bin/../lib/gcc/arm-none-eabi/14.3.1/../../../../arm-none-eabi/lib/thumb/v7e-m+fp/hard/crt0.o
LOAD cmake/stm32cubemx/CMakeFiles/STM32_Drivers.dir/__/__/Core/Src/system_stm32f4xx.c.obj
LOAD cmake/stm32cubemx/CMakeFiles/STM32_Drivers.dir/__/__/Drivers/STM32F4xx_HAL_Driver/Src/stm32f4xx_hal_uart.c.obj
LOAD cmake/stm32cubemx/CMakeFiles/STM32_Drivers.dir/__/__/Drivers/STM32F4xx_HAL_Driver/Src/stm32f4xx_hal_rcc.c.obj
LOAD cmake/stm32cubemx/CMakeFiles/STM32_Drivers.dir/__/__/Drivers/STM32F4xx_HAL_Driver/Src/stm32f4xx_hal_rcc_ex.c.obj
LOAD cmake/stm32cubemx/CMakeFiles/STM32_Drivers.dir/__/__/Drivers/STM32F4xx_HAL_Driver/Src/stm32f4xx_hal_flash.c.obj
LOAD cmake/stm32cubemx/CMakeFiles/STM32_Drivers.dir/__/__/Drivers/STM32F4xx_HAL_Driver/Src/stm32f4xx_hal_flash_ex.c.obj
LOAD cmake/stm32cubemx/CMakeFiles/STM32_Drivers.dir/__/__/Drivers/STM32F4xx_HAL_Driver/Src/stm32f4xx_hal_flash_ramfunc.c.obj
LOAD cmake/stm32cubemx/CMakeFiles/STM32_Drivers.dir/__/__/Drivers/STM32F4xx_HAL_Driver/Src/stm32f4xx_hal_gpio.c.obj
LOAD cmake/stm32cubemx/CMakeFiles/STM32_Drivers.dir/__/__/Drivers/STM32F4xx_HAL_Driver/Src/stm32f4xx_hal_dma_ex.c.obj
LOAD cmake/stm32cubemx/CMakeFiles/STM32_Drivers.dir/__/__/Drivers/STM32F4xx_HAL_Driver/Src/stm32f4xx_hal_dma.c.obj
LOAD cmake/stm32cubemx/CMakeFiles/STM32_Drivers.dir/__/__/Drivers/STM32F4xx_HAL_Driver/Src/stm32f4xx_hal_pwr.c.obj
LOAD cmake/stm32cubemx/CMakeFiles/STM32_Drivers.dir/__/__/Drivers/STM32F4xx_HAL_Driver/Src/stm32f4xx_hal_pwr_ex.c.obj
LOAD cmake/stm32cubemx/CMakeFiles/STM32_Drivers.dir/__/__/Drivers/STM32F4xx_HAL_Driver/Src/stm32f4xx_hal_cortex.c.obj
LOAD cmake/stm32cubemx/CMakeFiles/STM32_Drivers.dir/__/__/Drivers/STM32F4xx_HAL_Driver/Src/stm32f4xx_hal.c.obj
LOAD cmake/stm32cubemx/CMakeFiles/STM32_Drivers.dir/__/__/Drivers/STM32F4xx_HAL_Driver/Src/stm32f4xx_hal_exti.c.obj
LOAD CMakeFiles/03_UART.dir/Core/Src/main.c.obj
LOAD CMakeFiles/03_UART.dir/Core/Src/gpio.c.obj
LOAD CMakeFiles/03_UART.dir/Core/Src/usart.c.obj
LOAD CMakeFiles/03_UART.dir/Core/Src/stm32f4xx_it.c.obj
LOAD CMakeFiles/03_UART.dir/Core/Src/stm32f4xx_hal_msp.c.obj
LOAD CMakeFiles/03_UART.dir/Core/Src/sysmem.c.obj
LOAD CMakeFiles/03_UART.dir/Core/Src/syscalls.c.obj
LOAD CMakeFiles/03_UART.dir/startup_stm32f429xx.s.obj
LOAD CMakeFiles/03_UART.dir/BSP/bsp_uart.c.obj
LOAD C:/Users/ASUS/AppData/Local/stm32cube/bundles/gnu-tools-for-stm32/14.3.1+st.2/bin/../lib/gcc/arm-none-eabi/14.3.1/../../../../arm-none-eabi/lib/thumb/v7e-m+fp/hard\libm.a
START GROUP
LOAD C:/Users/ASUS/AppData/Local/stm32cube/bundles/gnu-tools-for-stm32/14.3.1+st.2/bin/../lib/gcc/arm-none-eabi/14.3.1/thumb/v7e-m+fp/hard\libgcc.a
LOAD C:/Users/ASUS/AppData/Local/stm32cube/bundles/gnu-tools-for-stm32/14.3.1+st.2/bin/../lib/gcc/arm-none-eabi/14.3.1/../../../../arm-none-eabi/lib/thumb/v7e-m+fp/hard\libg_nano.a
LOAD C:/Users/ASUS/AppData/Local/stm32cube/bundles/gnu-tools-for-stm32/14.3.1+st.2/bin/../lib/gcc/arm-none-eabi/14.3.1/../../../../arm-none-eabi/lib/thumb/v7e-m+fp/hard\libc_nano.a
END GROUP
START GROUP
LOAD C:/Users/ASUS/AppData/Local/stm32cube/bundles/gnu-tools-for-stm32/14.3.1+st.2/bin/../lib/gcc/arm-none-eabi/14.3.1/thumb/v7e-m+fp/hard\libgcc.a
LOAD C:/Users/ASUS/AppData/Local/stm32cube/bundles/gnu-tools-for-stm32/14.3.1+st.2/bin/../lib/gcc/arm-none-eabi/14.3.1/../../../../arm-none-eabi/lib/thumb/v7e-m+fp/hard\libc_nano.a
END GROUP
LOAD C:/Users/ASUS/AppData/Local/stm32cube/bundles/gnu-tools-for-stm32/14.3.1+st.2/bin/../lib/gcc/arm-none-eabi/14.3.1/thumb/v7e-m+fp/hard/crtend.o
LOAD C:/Users/ASUS/AppData/Local/stm32cube/bundles/gnu-tools-for-stm32/14.3.1+st.2/bin/../lib/gcc/arm-none-eabi/14.3.1/thumb/v7e-m+fp/hard/crtn.o
                0x20030000                        _estack = (ORIGIN (RAM) + LENGTH (RAM))
                0x2002fc00                        _sstack = (_estack - _Min_Stack_Size)
                0x00000200                        _Min_Heap_Size = 0x200
                0x00000400                        _Min_Stack_Size = 0x400

.isr_vector     0x08000000      0x1ac
                0x08000000                        . = ALIGN (0x4)
 *(.isr_vector)
 .isr_vector    0x08000000      0x1ac CMakeFiles/03_UART.dir/startup_stm32f429xx.s.obj
                0x08000000                g_pfnVectors
                0x080001ac                        . = ALIGN (0x4)

.text           0x080001ac     0x2914
                0x080001ac                        . = ALIGN (0x4)
 *(.text)
 .text          0x080001ac       0x40 C:/Users/ASUS/AppData/Local/stm32cube/bundles/gnu-tools-for-stm32/14.3.1+st.2/bin/../lib/gcc/arm-none-eabi/14.3.1/thumb/v7e-m+fp/hard/crtbegin.o
 .text          0x080001ec       0x30 C:/Users/ASUS/AppData/Local/stm32cube/bundles/gnu-tools-for-stm32/14.3.1+st.2/bin/../lib/gcc/arm-none-eabi/14.3.1/thumb/v7e-m+fp/hard\libgcc.a(_aeabi_uldivmod.o)
                0x080001ec                __aeabi_uldivmod
 .text          0x0800021c      0x2f8 C:/Users/ASUS/AppData/Local/stm32cube/bundles/gnu-tools-for-stm32/14.3.1+st.2/bin/../lib/gcc/arm-none-eabi/14.3.1/thumb/v7e-m+fp/hard\libgcc.a(_udivmoddi4.o)
                0x0800021c                __udivmoddi4
 .text          0x08000514        0x4 C:/Users/ASUS/AppData/Local/stm32cube/bundles/gnu-tools-for-stm32/14.3.1+st.2/bin/../lib/gcc/arm-none-eabi/14.3.1/thumb/v7e-m+fp/hard\libgcc.a(_dvmd_tls.o)
                0x08000514                __aeabi_idiv0
                0x08000514                __aeabi_ldiv0
 *(.text*)
 .text.SystemInit
                0x08000518       0x24 cmake/stm32cubemx/CMakeFiles/STM32_Drivers.dir/__/__/Core/Src/system_stm32f4xx.c.obj
                0x08000518                SystemInit
 .text.HAL_UART_Init
                0x0800053c      0x1c4 cmake/stm32cubemx/CMakeFiles/STM32_Drivers.dir/__/__/Drivers/STM32F4xx_HAL_Driver/Src/stm32f4xx_hal_uart.c.obj
                0x0800053c                HAL_UART_Init
 .text.HAL_UART_Transmit
                0x08000700      0x116 cmake/stm32cubemx/CMakeFiles/STM32_Drivers.dir/__/__/Drivers/STM32F4xx_HAL_Driver/Src/stm32f4xx_hal_uart.c.obj
                0x08000700                HAL_UART_Transmit
 .text.UART_WaitOnFlagUntilTimeout
                0x08000816       0xb2 cmake/stm32cubemx/CMakeFiles/STM32_Drivers.dir/__/__/Drivers/STM32F4xx_HAL_Driver/Src/stm32f4xx_hal_uart.c.obj
 .text.UART_EndRxTransfer
                0x080008c8       0xc6 cmake/stm32cubemx/CMakeFiles/STM32_Drivers.dir/__/__/Drivers/STM32F4xx_HAL_Driver/Src/stm32f4xx_hal_uart.c.obj
 *fill*         0x0800098e        0x2 
 .text.UART_SetConfig
                0x08000990      0x574 cmake/stm32cubemx/CMakeFiles/STM32_Drivers.dir/__/__/Drivers/STM32F4xx_HAL_Driver/Src/stm32f4xx_hal_uart.c.obj
 .text.HAL_RCC_OscConfig
                0x08000f04      0x658 cmake/stm32cubemx/CMakeFiles/STM32_Drivers.dir/__/__/Drivers/STM32F4xx_HAL_Driver/Src/stm32f4xx_hal_rcc.c.obj
                0x08000f04                HAL_RCC_OscConfig
 .text.HAL_RCC_ClockConfig
                0x0800155c      0x34c cmake/stm32cubemx/CMakeFiles/STM32_Drivers.dir/__/__/Drivers/STM32F4xx_HAL_Driver/Src/stm32f4xx_hal_rcc.c.obj
                0x0800155c                HAL_RCC_ClockConfig
 .text.HAL_RCC_GetSysClockFreq
                0x080018a8      0x188 cmake/stm32cubemx/CMakeFiles/STM32_Drivers.dir/__/__/Drivers/STM32F4xx_HAL_Driver/Src/stm32f4xx_hal_rcc.c.obj
                0x080018a8                HAL_RCC_GetSysClockFreq
 .text.HAL_RCC_GetHCLKFreq
                0x08001a30       0x18 cmake/stm32cubemx/CMakeFiles/STM32_Drivers.dir/__/__/Drivers/STM32F4xx_HAL_Driver/Src/stm32f4xx_hal_rcc.c.obj
                0x08001a30                HAL_RCC_GetHCLKFreq
 .text.HAL_RCC_GetPCLK1Freq
                0x08001a48       0x28 cmake/stm32cubemx/CMakeFiles/STM32_Drivers.dir/__/__/Drivers/STM32F4xx_HAL_Driver/Src/stm32f4xx_hal_rcc.c.obj
                0x08001a48                HAL_RCC_GetPCLK1Freq
 .text.HAL_RCC_GetPCLK2Freq
                0x08001a70       0x28 cmake/stm32cubemx/CMakeFiles/STM32_Drivers.dir/__/__/Drivers/STM32F4xx_HAL_Driver/Src/stm32f4xx_hal_rcc.c.obj
                0x08001a70                HAL_RCC_GetPCLK2Freq
 .text.HAL_GPIO_Init
                0x08001a98      0x640 cmake/stm32cubemx/CMakeFiles/STM32_Drivers.dir/__/__/Drivers/STM32F4xx_HAL_Driver/Src/stm32f4xx_hal_gpio.c.obj
                0x08001a98                HAL_GPIO_Init
 .text.HAL_GPIO_WritePin
                0x080020d8       0x58 cmake/stm32cubemx/CMakeFiles/STM32_Drivers.dir/__/__/Drivers/STM32F4xx_HAL_Driver/Src/stm32f4xx_hal_gpio.c.obj
                0x080020d8                HAL_GPIO_WritePin
 .text.HAL_GPIO_TogglePin
                0x08002130       0x44 cmake/stm32cubemx/CMakeFiles/STM32_Drivers.dir/__/__/Drivers/STM32F4xx_HAL_Driver/Src/stm32f4xx_hal_gpio.c.obj
                0x08002130                HAL_GPIO_TogglePin
 .text.HAL_PWREx_EnableOverDrive
                0x08002174       0xa0 cmake/stm32cubemx/CMakeFiles/STM32_Drivers.dir/__/__/Drivers/STM32F4xx_HAL_Driver/Src/stm32f4xx_hal_pwr_ex.c.obj
                0x08002174                HAL_PWREx_EnableOverDrive
 .text.__NVIC_SetPriorityGrouping
                0x08002214       0x48 cmake/stm32cubemx/CMakeFiles/STM32_Drivers.dir/__/__/Drivers/STM32F4xx_HAL_Driver/Src/stm32f4xx_hal_cortex.c.obj
 .text.__NVIC_GetPriorityGrouping
                0x0800225c       0x1c cmake/stm32cubemx/CMakeFiles/STM32_Drivers.dir/__/__/Drivers/STM32F4xx_HAL_Driver/Src/stm32f4xx_hal_cortex.c.obj
 .text.__NVIC_SetPriority
                0x08002278       0x54 cmake/stm32cubemx/CMakeFiles/STM32_Drivers.dir/__/__/Drivers/STM32F4xx_HAL_Driver/Src/stm32f4xx_hal_cortex.c.obj
 .text.NVIC_EncodePriority
                0x080022cc       0x66 cmake/stm32cubemx/CMakeFiles/STM32_Drivers.dir/__/__/Drivers/STM32F4xx_HAL_Driver/Src/stm32f4xx_hal_cortex.c.obj
 *fill*         0x08002332        0x2 
 .text.SysTick_Config
                0x08002334       0x44 cmake/stm32cubemx/CMakeFiles/STM32_Drivers.dir/__/__/Drivers/STM32F4xx_HAL_Driver/Src/stm32f4xx_hal_cortex.c.obj
 .text.HAL_NVIC_SetPriorityGrouping
                0x08002378       0x40 cmake/stm32cubemx/CMakeFiles/STM32_Drivers.dir/__/__/Drivers/STM32F4xx_HAL_Driver/Src/stm32f4xx_hal_cortex.c.obj
                0x08002378                HAL_NVIC_SetPriorityGrouping
 .text.HAL_NVIC_SetPriority
                0x080023b8       0x58 cmake/stm32cubemx/CMakeFiles/STM32_Drivers.dir/__/__/Drivers/STM32F4xx_HAL_Driver/Src/stm32f4xx_hal_cortex.c.obj
                0x080023b8                HAL_NVIC_SetPriority
 .text.HAL_SYSTICK_Config
                0x08002410       0x18 cmake/stm32cubemx/CMakeFiles/STM32_Drivers.dir/__/__/Drivers/STM32F4xx_HAL_Driver/Src/stm32f4xx_hal_cortex.c.obj
                0x08002410                HAL_SYSTICK_Config
 .text.HAL_Init
                0x08002428       0x44 cmake/stm32cubemx/CMakeFiles/STM32_Drivers.dir/__/__/Drivers/STM32F4xx_HAL_Driver/Src/stm32f4xx_hal.c.obj
                0x08002428                HAL_Init
 .text.HAL_InitTick
                0x0800246c       0x60 cmake/stm32cubemx/CMakeFiles/STM32_Drivers.dir/__/__/Drivers/STM32F4xx_HAL_Driver/Src/stm32f4xx_hal.c.obj
                0x0800246c                HAL_InitTick
 .text.HAL_IncTick
                0x080024cc       0x28 cmake/stm32cubemx/CMakeFiles/STM32_Drivers.dir/__/__/Drivers/STM32F4xx_HAL_Driver/Src/stm32f4xx_hal.c.obj
                0x080024cc                HAL_IncTick
 .text.HAL_GetTick
                0x080024f4       0x18 cmake/stm32cubemx/CMakeFiles/STM32_Drivers.dir/__/__/Drivers/STM32F4xx_HAL_Driver/Src/stm32f4xx_hal.c.obj
                0x080024f4                HAL_GetTick
 .text.HAL_Delay
                0x0800250c       0x48 cmake/stm32cubemx/CMakeFiles/STM32_Drivers.dir/__/__/Drivers/STM32F4xx_HAL_Driver/Src/stm32f4xx_hal.c.obj
                0x0800250c                HAL_Delay
 .text.main     0x08002554       0x84 CMakeFiles/03_UART.dir/Core/Src/main.c.obj
                0x08002554                main
 .text.SystemClock_Config
                0x080025d8       0xe0 CMakeFiles/03_UART.dir/Core/Src/main.c.obj
                0x080025d8                SystemClock_Config
 .text.Error_Handler
                0x080026b8        0xc CMakeFiles/03_UART.dir/Core/Src/main.c.obj
                0x080026b8                Error_Handler
 .text.assert_failed
                0x080026c4       0x16 CMakeFiles/03_UART.dir/Core/Src/main.c.obj
                0x080026c4                assert_failed
 *fill*         0x080026da        0x2 
 .text.MX_GPIO_Init
                0x080026dc      0x128 CMakeFiles/03_UART.dir/Core/Src/gpio.c.obj
                0x080026dc                MX_GPIO_Init
 .text.MX_USART1_UART_Init
                0x08002804       0x54 CMakeFiles/03_UART.dir/Core/Src/usart.c.obj
                0x08002804                MX_USART1_UART_Init
 .text.HAL_UART_MspInit
                0x08002858       0x90 CMakeFiles/03_UART.dir/Core/Src/usart.c.obj
                0x08002858                HAL_UART_MspInit
 .text.NMI_Handler
                0x080028e8        0x8 CMakeFiles/03_UART.dir/Core/Src/stm32f4xx_it.c.obj
                0x080028e8                NMI_Handler
 .text.HardFault_Handler
                0x080028f0        0x8 CMakeFiles/03_UART.dir/Core/Src/stm32f4xx_it.c.obj
                0x080028f0                HardFault_Handler
 .text.MemManage_Handler
                0x080028f8        0x8 CMakeFiles/03_UART.dir/Core/Src/stm32f4xx_it.c.obj
                0x080028f8                MemManage_Handler
 .text.BusFault_Handler
                0x08002900        0x8 CMakeFiles/03_UART.dir/Core/Src/stm32f4xx_it.c.obj
                0x08002900                BusFault_Handler
 .text.UsageFault_Handler
                0x08002908        0x8 CMakeFiles/03_UART.dir/Core/Src/stm32f4xx_it.c.obj
                0x08002908                UsageFault_Handler
 .text.SVC_Handler
                0x08002910        0xe CMakeFiles/03_UART.dir/Core/Src/stm32f4xx_it.c.obj
                0x08002910                SVC_Handler
 .text.DebugMon_Handler
                0x0800291e        0xe CMakeFiles/03_UART.dir/Core/Src/stm32f4xx_it.c.obj
                0x0800291e                DebugMon_Handler
 .text.PendSV_Handler
                0x0800292c        0xe CMakeFiles/03_UART.dir/Core/Src/stm32f4xx_it.c.obj
                0x0800292c                PendSV_Handler
 .text.SysTick_Handler
                0x0800293a        0xc CMakeFiles/03_UART.dir/Core/Src/stm32f4xx_it.c.obj
                0x0800293a                SysTick_Handler
 *fill*         0x08002946        0x2 
 .text.HAL_MspInit
                0x08002948       0x50 CMakeFiles/03_UART.dir/Core/Src/stm32f4xx_hal_msp.c.obj
                0x08002948                HAL_MspInit
 .text.Reset_Handler
                0x08002998       0x50 CMakeFiles/03_UART.dir/startup_stm32f429xx.s.obj
                0x08002998                Reset_Handler
 .text.Default_Handler
                0x080029e8        0x2 CMakeFiles/03_UART.dir/startup_stm32f429xx.s.obj
                0x080029e8                RTC_Alarm_IRQHandler
                0x080029e8                HASH_RNG_IRQHandler
                0x080029e8                EXTI2_IRQHandler
                0x080029e8                TIM8_CC_IRQHandler
                0x080029e8                UART8_IRQHandler
                0x080029e8                SPI4_IRQHandler
                0x080029e8                TIM1_CC_IRQHandler
                0x080029e8                DMA2_Stream5_IRQHandler
                0x080029e8                DMA1_Stream5_IRQHandler
                0x080029e8                PVD_IRQHandler
                0x080029e8                SDIO_IRQHandler
                0x080029e8                TAMP_STAMP_IRQHandler
                0x080029e8                CAN2_RX1_IRQHandler
                0x080029e8                EXTI3_IRQHandler
                0x080029e8                TIM8_TRG_COM_TIM14_IRQHandler
                0x080029e8                TIM1_UP_TIM10_IRQHandler
                0x080029e8                TIM8_UP_TIM13_IRQHandler
                0x080029e8                I2C3_ER_IRQHandler
                0x080029e8                EXTI0_IRQHandler
                0x080029e8                I2C2_EV_IRQHandler
                0x080029e8                DMA1_Stream2_IRQHandler
                0x080029e8                CAN1_RX0_IRQHandler
                0x080029e8                FPU_IRQHandler
                0x080029e8                OTG_HS_WKUP_IRQHandler
                0x080029e8                LTDC_ER_IRQHandler
                0x080029e8                CAN2_SCE_IRQHandler
                0x080029e8                DMA2_Stream2_IRQHandler
                0x080029e8                SPI1_IRQHandler
                0x080029e8                TIM6_DAC_IRQHandler
                0x080029e8                TIM1_BRK_TIM9_IRQHandler
                0x080029e8                DCMI_IRQHandler
                0x080029e8                CAN2_RX0_IRQHandler
                0x080029e8                DMA2_Stream3_IRQHandler
                0x080029e8                USART6_IRQHandler
                0x080029e8                USART3_IRQHandler
                0x080029e8                CAN1_RX1_IRQHandler
                0x080029e8                UART5_IRQHandler
                0x080029e8                DMA2_Stream0_IRQHandler
                0x080029e8                TIM4_IRQHandler
                0x080029e8                I2C1_EV_IRQHandler
                0x080029e8                DMA1_Stream6_IRQHandler
                0x080029e8                DMA1_Stream1_IRQHandler
                0x080029e8                UART4_IRQHandler
                0x080029e8                TIM3_IRQHandler
                0x080029e8                RCC_IRQHandler
                0x080029e8                TIM8_BRK_TIM12_IRQHandler
                0x080029e8                Default_Handler
                0x080029e8                EXTI15_10_IRQHandler
                0x080029e8                ADC_IRQHandler
                0x080029e8                DMA1_Stream7_IRQHandler
                0x080029e8                SPI5_IRQHandler
                0x080029e8                TIM7_IRQHandler
                0x080029e8                CAN2_TX_IRQHandler
                0x080029e8                TIM5_IRQHandler
                0x080029e8                DMA2_Stream7_IRQHandler
                0x080029e8                I2C3_EV_IRQHandler
                0x080029e8                EXTI9_5_IRQHandler
                0x080029e8                RTC_WKUP_IRQHandler
                0x080029e8                LTDC_IRQHandler
                0x080029e8                ETH_WKUP_IRQHandler
                0x080029e8                SPI2_IRQHandler
                0x080029e8                OTG_HS_EP1_IN_IRQHandler
                0x080029e8                DMA1_Stream0_IRQHandler
                0x080029e8                CAN1_TX_IRQHandler
                0x080029e8                EXTI4_IRQHandler
                0x080029e8                ETH_IRQHandler
                0x080029e8                OTG_HS_EP1_OUT_IRQHandler
                0x080029e8                WWDG_IRQHandler
                0x080029e8                SPI6_IRQHandler
                0x080029e8                TIM2_IRQHandler
                0x080029e8                OTG_FS_WKUP_IRQHandler
                0x080029e8                TIM1_TRG_COM_TIM11_IRQHandler
                0x080029e8                OTG_HS_IRQHandler
                0x080029e8                DMA2D_IRQHandler
                0x080029e8                EXTI1_IRQHandler
                0x080029e8                UART7_IRQHandler
                0x080029e8                USART2_IRQHandler
                0x080029e8                I2C2_ER_IRQHandler
                0x080029e8                DMA2_Stream1_IRQHandler
                0x080029e8                CAN1_SCE_IRQHandler
                0x080029e8                FLASH_IRQHandler
                0x080029e8                DMA2_Stream4_IRQHandler
                0x080029e8                USART1_IRQHandler
                0x080029e8                OTG_FS_IRQHandler
                0x080029e8                SPI3_IRQHandler
                0x080029e8                DMA1_Stream4_IRQHandler
                0x080029e8                I2C1_ER_IRQHandler
                0x080029e8                FMC_IRQHandler
                0x080029e8                DMA2_Stream6_IRQHandler
                0x080029e8                SAI1_IRQHandler
                0x080029e8                DMA1_Stream3_IRQHandler
 *fill*         0x080029ea        0x2 
 .text.BSP_UART_TransmitByte
                0x080029ec       0x30 CMakeFiles/03_UART.dir/BSP/bsp_uart.c.obj
                0x080029ec                BSP_UART_TransmitByte
 .text.BSP_UART_Transmit
                0x08002a1c       0x34 CMakeFiles/03_UART.dir/BSP/bsp_uart.c.obj
                0x08002a1c                BSP_UART_Transmit
 .text.memset   0x08002a50       0x10 C:/Users/ASUS/AppData/Local/stm32cube/bundles/gnu-tools-for-stm32/14.3.1+st.2/bin/../lib/gcc/arm-none-eabi/14.3.1/../../../../arm-none-eabi/lib/thumb/v7e-m+fp/hard\libg_nano.a(libc_a-memset.o)
                0x08002a50                memset
 .text.__libc_init_array
                0x08002a60       0x48 C:/Users/ASUS/AppData/Local/stm32cube/bundles/gnu-tools-for-stm32/14.3.1+st.2/bin/../lib/gcc/arm-none-eabi/14.3.1/../../../../arm-none-eabi/lib/thumb/v7e-m+fp/hard\libg_nano.a(libc_a-init.o)
                0x08002a60                __libc_init_array
 *(.glue_7)
 .glue_7        0x08002aa8        0x0 linker stubs
 *(.glue_7t)
 .glue_7t       0x08002aa8        0x0 linker stubs
 *(.eh_frame)
 .eh_frame      0x08002aa8        0x0 C:/Users/ASUS/AppData/Local/stm32cube/bundles/gnu-tools-for-stm32/14.3.1+st.2/bin/../lib/gcc/arm-none-eabi/14.3.1/thumb/v7e-m+fp/hard/crtbegin.o
 *(.init)
 .init          0x08002aa8        0x4 C:/Users/ASUS/AppData/Local/stm32cube/bundles/gnu-tools-for-stm32/14.3.1+st.2/bin/../lib/gcc/arm-none-eabi/14.3.1/thumb/v7e-m+fp/hard/crti.o
                0x08002aa8                _init
 .init          0x08002aac        0x8 C:/Users/ASUS/AppData/Local/stm32cube/bundles/gnu-tools-for-stm32/14.3.1+st.2/bin/../lib/gcc/arm-none-eabi/14.3.1/thumb/v7e-m+fp/hard/crtn.o
 *(.fini)
 .fini          0x08002ab4        0x4 C:/Users/ASUS/AppData/Local/stm32cube/bundles/gnu-tools-for-stm32/14.3.1+st.2/bin/../lib/gcc/arm-none-eabi/14.3.1/thumb/v7e-m+fp/hard/crti.o
                0x08002ab4                _fini
 .fini          0x08002ab8        0x8 C:/Users/ASUS/AppData/Local/stm32cube/bundles/gnu-tools-for-stm32/14.3.1+st.2/bin/../lib/gcc/arm-none-eabi/14.3.1/thumb/v7e-m+fp/hard/crtn.o
                0x08002ac0                        . = ALIGN (0x4)
                0x08002ac0                        _etext = .

.vfp11_veneer   0x08002ac0        0x0
 .vfp11_veneer  0x08002ac0        0x0 linker stubs

.v4_bx          0x08002ac0        0x0
 .v4_bx         0x08002ac0        0x0 linker stubs

.iplt           0x08002ac0        0x0
 .iplt          0x08002ac0        0x0 C:/Users/ASUS/AppData/Local/stm32cube/bundles/gnu-tools-for-stm32/14.3.1+st.2/bin/../lib/gcc/arm-none-eabi/14.3.1/thumb/v7e-m+fp/hard/crtbegin.o

.rodata         0x08002ac0      0x1a4
                0x08002ac0                        . = ALIGN (0x4)
 *(.rodata)
 .rodata        0x08002ac0       0x61 cmake/stm32cubemx/CMakeFiles/STM32_Drivers.dir/__/__/Drivers/STM32F4xx_HAL_Driver/Src/stm32f4xx_hal_uart.c.obj
 *fill*         0x08002b21        0x3 
 .rodata        0x08002b24       0x60 cmake/stm32cubemx/CMakeFiles/STM32_Drivers.dir/__/__/Drivers/STM32F4xx_HAL_Driver/Src/stm32f4xx_hal_rcc.c.obj
 .rodata        0x08002b84       0x61 cmake/stm32cubemx/CMakeFiles/STM32_Drivers.dir/__/__/Drivers/STM32F4xx_HAL_Driver/Src/stm32f4xx_hal_gpio.c.obj
 *fill*         0x08002be5        0x3 
 .rodata        0x08002be8       0x63 cmake/stm32cubemx/CMakeFiles/STM32_Drivers.dir/__/__/Drivers/STM32F4xx_HAL_Driver/Src/stm32f4xx_hal_cortex.c.obj
 *(.rodata*)
 *fill*         0x08002c4b        0x1 
 .rodata.AHBPrescTable
                0x08002c4c       0x10 cmake/stm32cubemx/CMakeFiles/STM32_Drivers.dir/__/__/Core/Src/system_stm32f4xx.c.obj
                0x08002c4c                AHBPrescTable
 .rodata.APBPrescTable
                0x08002c5c        0x8 cmake/stm32cubemx/CMakeFiles/STM32_Drivers.dir/__/__/Core/Src/system_stm32f4xx.c.obj
                0x08002c5c                APBPrescTable
                0x08002c64                        . = ALIGN (0x4)

.ARM.extab      0x08002c64        0x0
                0x08002c64                        . = ALIGN (0x4)
 *(.ARM.extab* .gnu.linkonce.armextab.*)
                0x08002c64                        . = ALIGN (0x4)

.ARM            0x08002c64        0x8
                0x08002c64                        . = ALIGN (0x4)
                0x08002c64                        __exidx_start = .
 *(.ARM.exidx*)
 .ARM.exidx     0x08002c64        0x8 C:/Users/ASUS/AppData/Local/stm32cube/bundles/gnu-tools-for-stm32/14.3.1+st.2/bin/../lib/gcc/arm-none-eabi/14.3.1/thumb/v7e-m+fp/hard\libgcc.a(_udivmoddi4.o)
                0x08002c6c                        __exidx_end = .
                0x08002c6c                        . = ALIGN (0x4)

.preinit_array  0x08002c6c        0x0
                0x08002c6c                        . = ALIGN (0x4)
                0x08002c6c                        PROVIDE (__preinit_array_start = .)
 *(.preinit_array*)
                0x08002c6c                        PROVIDE (__preinit_array_end = .)
                0x08002c6c                        . = ALIGN (0x4)

.init_array     0x08002c6c        0x4
                0x08002c6c                        . = ALIGN (0x4)
                0x08002c6c                        PROVIDE (__init_array_start = .)
 *(SORT_BY_NAME(.init_array.*))
 *(.init_array*)
 .init_array    0x08002c6c        0x4 C:/Users/ASUS/AppData/Local/stm32cube/bundles/gnu-tools-for-stm32/14.3.1+st.2/bin/../lib/gcc/arm-none-eabi/14.3.1/thumb/v7e-m+fp/hard/crtbegin.o
                0x08002c70                        PROVIDE (__init_array_end = .)
                0x08002c70                        . = ALIGN (0x4)

.fini_array     0x08002c70        0x4
                0x08002c70                        . = ALIGN (0x4)
                [!provide]                        PROVIDE (__fini_array_start = .)
 *(SORT_BY_NAME(.fini_array.*))
 *(.fini_array*)
 .fini_array    0x08002c70        0x4 C:/Users/ASUS/AppData/Local/stm32cube/bundles/gnu-tools-for-stm32/14.3.1+st.2/bin/../lib/gcc/arm-none-eabi/14.3.1/thumb/v7e-m+fp/hard/crtbegin.o
                [!provide]                        PROVIDE (__fini_array_end = .)
                0x08002c74                        . = ALIGN (0x4)
                0x08002c74                        _siccmram = LOADADDR (.ccmram)

.rel.dyn        0x08002c74        0x0
 .rel.iplt      0x08002c74        0x0 C:/Users/ASUS/AppData/Local/stm32cube/bundles/gnu-tools-for-stm32/14.3.1+st.2/bin/../lib/gcc/arm-none-eabi/14.3.1/thumb/v7e-m+fp/hard/crtbegin.o

.ccmram         0x10000000        0x0 load address 0x08002c74
                0x10000000                        . = ALIGN (0x4)
                0x10000000                        _sccmram = .
 *(.ccmram)
 *(.ccmram*)
                0x10000000                        . = ALIGN (0x4)
                0x10000000                        _eccmram = .
                0x08002c74                        _sidata = LOADADDR (.data)

.data           0x20000000        0xc load address 0x08002c74
                0x20000000                        . = ALIGN (0x4)
                0x20000000                        _sdata = .
 *(.data)
 *(.data*)
 .data.SystemCoreClock
                0x20000000        0x4 cmake/stm32cubemx/CMakeFiles/STM32_Drivers.dir/__/__/Core/Src/system_stm32f4xx.c.obj
                0x20000000                SystemCoreClock
 .data.uwTickPrio
                0x20000004        0x4 cmake/stm32cubemx/CMakeFiles/STM32_Drivers.dir/__/__/Drivers/STM32F4xx_HAL_Driver/Src/stm32f4xx_hal.c.obj
                0x20000004                uwTickPrio
 .data.uwTickFreq
                0x20000008        0x1 cmake/stm32cubemx/CMakeFiles/STM32_Drivers.dir/__/__/Drivers/STM32F4xx_HAL_Driver/Src/stm32f4xx_hal.c.obj
                0x20000008                uwTickFreq
 *(.RamFunc)
 *(.RamFunc*)
                0x2000000c                        . = ALIGN (0x4)
 *fill*         0x20000009        0x3 

.igot.plt       0x2000000c        0x0 load address 0x08002c80
 .igot.plt      0x2000000c        0x0 C:/Users/ASUS/AppData/Local/stm32cube/bundles/gnu-tools-for-stm32/14.3.1+st.2/bin/../lib/gcc/arm-none-eabi/14.3.1/thumb/v7e-m+fp/hard/crtbegin.o

.tdata          0x2000000c        0x0 load address 0x08002c80
 *(.tdata .tdata.* .gnu.linkonce.td.*)
                0x2000000c                        . = ALIGN (0x4)
                0x2000000c                        _edata = .
                [!provide]                        PROVIDE (__data_end = .)
                [!provide]                        PROVIDE (__tdata_end = .)
                [!provide]                        PROVIDE (__tdata_start = ADDR (.tdata))
                [!provide]                        PROVIDE (__tdata_size = (__tdata_end - __tdata_start))
                [!provide]                        PROVIDE (__data_start = ADDR (.data))
                [!provide]                        PROVIDE (__data_size = (__data_end - __data_start))
                [!provide]                        PROVIDE (__tdata_source = LOADADDR (.tdata))
                [!provide]                        PROVIDE (__tdata_source_end = (LOADADDR (.tdata) + SIZEOF (.tdata)))
                [!provide]                        PROVIDE (__tdata_source_size = (__tdata_source_end - __tdata_source))
                [!provide]                        PROVIDE (__data_source = LOADADDR (.data))
                [!provide]                        PROVIDE (__data_source_end = __tdata_source_end)
                [!provide]                        PROVIDE (__data_source_size = (__data_source_end - __data_source))

.tbss           0x2000000c        0x0 load address 0x08002c80
                0x2000000c                        _sbss = .
                0x2000000c                        __bss_start__ = _sbss
 *(.tbss .tbss.*)
                0x2000000c                        . = ALIGN (0x4)
                [!provide]                        PROVIDE (__tbss_end = .)
                [!provide]                        PROVIDE (__tbss_start = ADDR (.tbss))
                [!provide]                        PROVIDE (__tbss_size = (__tbss_end - __tbss_start))
                [!provide]                        PROVIDE (__tbss_offset = (ADDR (.tbss) - ADDR (.tdata)))
                [!provide]                        PROVIDE (__tls_base = __tdata_start)
                [!provide]                        PROVIDE (__tls_end = __tbss_end)
                [!provide]                        PROVIDE (__tls_size = (__tls_end - __tls_base))
                [!provide]                        PROVIDE (__tls_align = MAX (ALIGNOF (.tdata), ALIGNOF (.tbss)))
                [!provide]                        PROVIDE (__tls_size_align = (((__tls_size + __tls_align) - 0x1) & ~ ((__tls_align - 0x1))))
                [!provide]                        PROVIDE (__arm32_tls_tcb_offset = MAX (0x8, __tls_align))
                [!provide]                        PROVIDE (__arm64_tls_tcb_offset = MAX (0x10, __tls_align))

.bss            0x2000000c       0x68 load address 0x08002c80
 *(.bss)
 .bss           0x2000000c       0x1c C:/Users/ASUS/AppData/Local/stm32cube/bundles/gnu-tools-for-stm32/14.3.1+st.2/bin/../lib/gcc/arm-none-eabi/14.3.1/thumb/v7e-m+fp/hard/crtbegin.o
 *(.bss*)
 .bss.uwTick    0x20000028        0x4 cmake/stm32cubemx/CMakeFiles/STM32_Drivers.dir/__/__/Drivers/STM32F4xx_HAL_Driver/Src/stm32f4xx_hal.c.obj
                0x20000028                uwTick
 .bss.huart1    0x2000002c       0x48 CMakeFiles/03_UART.dir/Core/Src/usart.c.obj
                0x2000002c                huart1
 *(COMMON)
                0x20000074                        . = ALIGN (0x4)
                0x20000074                        _ebss = .
                0x20000074                        __bss_end__ = _ebss
                [!provide]                        PROVIDE (__bss_end = .)
                [!provide]                        PROVIDE (__non_tls_bss_start = ADDR (.bss))
                [!provide]                        PROVIDE (__bss_start = __tbss_start)
                [!provide]                        PROVIDE (__bss_size = (__bss_end - __bss_start))

._user_heap_stack
                0x20000074      0x604 load address 0x08002c80
                0x20000078                        . = ALIGN (0x8)
 *fill*         0x20000074        0x4 
                [!provide]                        PROVIDE (end = .)
                0x20000078                        PROVIDE (_end = .)
                0x20000278                        . = (. + _Min_Heap_Size)
 *fill*         0x20000078      0x200 
                0x20000678                        . = (. + _Min_Stack_Size)
 *fill*         0x20000278      0x400 
                0x20000678                        . = ALIGN (0x8)

/DISCARD/
 libc.a:*(*)
 libm.a:*(*)
 libgcc.a:*(*)
OUTPUT(03_UART.elf elf32-littlearm)
LOAD linker stubs

.ARM.attributes
                0x00000000       0x30
 .ARM.attributes
                0x00000000       0x22 C:/Users/ASUS/AppData/Local/stm32cube/bundles/gnu-tools-for-stm32/14.3.1+st.2/bin/../lib/gcc/arm-none-eabi/14.3.1/thumb/v7e-m+fp/hard/crti.o
 .ARM.attributes
                0x00000022       0x34 C:/Users/ASUS/AppData/Local/stm32cube/bundles/gnu-tools-for-stm32/14.3.1+st.2/bin/../lib/gcc/arm-none-eabi/14.3.1/thumb/v7e-m+fp/hard/crtbegin.o
 .ARM.attributes
                0x00000056       0x34 cmake/stm32cubemx/CMakeFiles/STM32_Drivers.dir/__/__/Core/Src/system_stm32f4xx.c.obj
 .ARM.attributes
                0x0000008a       0x34 cmake/stm32cubemx/CMakeFiles/STM32_Drivers.dir/__/__/Drivers/STM32F4xx_HAL_Driver/Src/stm32f4xx_hal_uart.c.obj
 .ARM.attributes
                0x000000be       0x34 cmake/stm32cubemx/CMakeFiles/STM32_Drivers.dir/__/__/Drivers/STM32F4xx_HAL_Driver/Src/stm32f4xx_hal_rcc.c.obj
 .ARM.attributes
                0x000000f2       0x34 cmake/stm32cubemx/CMakeFiles/STM32_Drivers.dir/__/__/Drivers/STM32F4xx_HAL_Driver/Src/stm32f4xx_hal_gpio.c.obj
 .ARM.attributes
                0x00000126       0x34 cmake/stm32cubemx/CMakeFiles/STM32_Drivers.dir/__/__/Drivers/STM32F4xx_HAL_Driver/Src/stm32f4xx_hal_pwr_ex.c.obj
 .ARM.attributes
                0x0000015a       0x34 cmake/stm32cubemx/CMakeFiles/STM32_Drivers.dir/__/__/Drivers/STM32F4xx_HAL_Driver/Src/stm32f4xx_hal_cortex.c.obj
 .ARM.attributes
                0x0000018e       0x34 cmake/stm32cubemx/CMakeFiles/STM32_Drivers.dir/__/__/Drivers/STM32F4xx_HAL_Driver/Src/stm32f4xx_hal.c.obj
 .ARM.attributes
                0x000001c2       0x34 CMakeFiles/03_UART.dir/Core/Src/main.c.obj
 .ARM.attributes
                0x000001f6       0x34 CMakeFiles/03_UART.dir/Core/Src/gpio.c.obj
 .ARM.attributes
                0x0000022a       0x34 CMakeFiles/03_UART.dir/Core/Src/usart.c.obj
 .ARM.attributes
                0x0000025e       0x34 CMakeFiles/03_UART.dir/Core/Src/stm32f4xx_it.c.obj
 .ARM.attributes
                0x00000292       0x34 CMakeFiles/03_UART.dir/Core/Src/stm32f4xx_hal_msp.c.obj
 .ARM.attributes
                0x000002c6       0x21 CMakeFiles/03_UART.dir/startup_stm32f429xx.s.obj
 .ARM.attributes
                0x000002e7       0x34 CMakeFiles/03_UART.dir/BSP/bsp_uart.c.obj
 .ARM.attributes
                0x0000031b       0x22 C:/Users/ASUS/AppData/Local/stm32cube/bundles/gnu-tools-for-stm32/14.3.1+st.2/bin/../lib/gcc/arm-none-eabi/14.3.1/thumb/v7e-m+fp/hard\libgcc.a(_aeabi_uldivmod.o)
 .ARM.attributes
                0x0000033d       0x34 C:/Users/ASUS/AppData/Local/stm32cube/bundles/gnu-tools-for-stm32/14.3.1+st.2/bin/../lib/gcc/arm-none-eabi/14.3.1/thumb/v7e-m+fp/hard\libgcc.a(_udivmoddi4.o)
 .ARM.attributes
                0x00000371       0x22 C:/Users/ASUS/AppData/Local/stm32cube/bundles/gnu-tools-for-stm32/14.3.1+st.2/bin/../lib/gcc/arm-none-eabi/14.3.1/thumb/v7e-m+fp/hard\libgcc.a(_dvmd_tls.o)
 .ARM.attributes
                0x00000393       0x34 C:/Users/ASUS/AppData/Local/stm32cube/bundles/gnu-tools-for-stm32/14.3.1+st.2/bin/../lib/gcc/arm-none-eabi/14.3.1/../../../../arm-none-eabi/lib/thumb/v7e-m+fp/hard\libg_nano.a(libc_a-memset.o)
 .ARM.attributes
                0x000003c7       0x34 C:/Users/ASUS/AppData/Local/stm32cube/bundles/gnu-tools-for-stm32/14.3.1+st.2/bin/../lib/gcc/arm-none-eabi/14.3.1/../../../../arm-none-eabi/lib/thumb/v7e-m+fp/hard\libg_nano.a(libc_a-init.o)
 .ARM.attributes
                0x000003fb       0x22 C:/Users/ASUS/AppData/Local/stm32cube/bundles/gnu-tools-for-stm32/14.3.1+st.2/bin/../lib/gcc/arm-none-eabi/14.3.1/thumb/v7e-m+fp/hard/crtn.o

.comment        0x00000000       0x43
 .comment       0x00000000       0x43 cmake/stm32cubemx/CMakeFiles/STM32_Drivers.dir/__/__/Core/Src/system_stm32f4xx.c.obj
                                 0x44 (size before relaxing)
 .comment       0x00000043       0x44 cmake/stm32cubemx/CMakeFiles/STM32_Drivers.dir/__/__/Drivers/STM32F4xx_HAL_Driver/Src/stm32f4xx_hal_uart.c.obj
 .comment       0x00000043       0x44 cmake/stm32cubemx/CMakeFiles/STM32_Drivers.dir/__/__/Drivers/STM32F4xx_HAL_Driver/Src/stm32f4xx_hal_rcc.c.obj
 .comment       0x00000043       0x44 cmake/stm32cubemx/CMakeFiles/STM32_Drivers.dir/__/__/Drivers/STM32F4xx_HAL_Driver/Src/stm32f4xx_hal_gpio.c.obj
 .comment       0x00000043       0x44 cmake/stm32cubemx/CMakeFiles/STM32_Drivers.dir/__/__/Drivers/STM32F4xx_HAL_Driver/Src/stm32f4xx_hal_pwr_ex.c.obj
 .comment       0x00000043       0x44 cmake/stm32cubemx/CMakeFiles/STM32_Drivers.dir/__/__/Drivers/STM32F4xx_HAL_Driver/Src/stm32f4xx_hal_cortex.c.obj
 .comment       0x00000043       0x44 cmake/stm32cubemx/CMakeFiles/STM32_Drivers.dir/__/__/Drivers/STM32F4xx_HAL_Driver/Src/stm32f4xx_hal.c.obj
 .comment       0x00000043       0x44 CMakeFiles/03_UART.dir/Core/Src/main.c.obj
 .comment       0x00000043       0x44 CMakeFiles/03_UART.dir/Core/Src/gpio.c.obj
 .comment       0x00000043       0x44 CMakeFiles/03_UART.dir/Core/Src/usart.c.obj
 .comment       0x00000043       0x44 CMakeFiles/03_UART.dir/Core/Src/stm32f4xx_it.c.obj
 .comment       0x00000043       0x44 CMakeFiles/03_UART.dir/Core/Src/stm32f4xx_hal_msp.c.obj
 .comment       0x00000043       0x44 CMakeFiles/03_UART.dir/BSP/bsp_uart.c.obj
 .comment       0x00000043       0x44 C:/Users/ASUS/AppData/Local/stm32cube/bundles/gnu-tools-for-stm32/14.3.1+st.2/bin/../lib/gcc/arm-none-eabi/14.3.1/../../../../arm-none-eabi/lib/thumb/v7e-m+fp/hard\libg_nano.a(libc_a-memset.o)
 .comment       0x00000043       0x44 C:/Users/ASUS/AppData/Local/stm32cube/bundles/gnu-tools-for-stm32/14.3.1+st.2/bin/../lib/gcc/arm-none-eabi/14.3.1/../../../../arm-none-eabi/lib/thumb/v7e-m+fp/hard\libg_nano.a(libc_a-init.o)

.debug_info     0x00000000     0x83f2
 .debug_info    0x00000000      0x52e cmake/stm32cubemx/CMakeFiles/STM32_Drivers.dir/__/__/Core/Src/system_stm32f4xx.c.obj
 .debug_info    0x0000052e     0x2f64 cmake/stm32cubemx/CMakeFiles/STM32_Drivers.dir/__/__/Drivers/STM32F4xx_HAL_Driver/Src/stm32f4xx_hal_uart.c.obj
 .debug_info    0x00003492      0x8f8 cmake/stm32cubemx/CMakeFiles/STM32_Drivers.dir/__/__/Drivers/STM32F4xx_HAL_Driver/Src/stm32f4xx_hal_rcc.c.obj
 .debug_info    0x00003d8a      0x6f4 cmake/stm32cubemx/CMakeFiles/STM32_Drivers.dir/__/__/Drivers/STM32F4xx_HAL_Driver/Src/stm32f4xx_hal_gpio.c.obj
 .debug_info    0x0000447e      0x6da cmake/stm32cubemx/CMakeFiles/STM32_Drivers.dir/__/__/Drivers/STM32F4xx_HAL_Driver/Src/stm32f4xx_hal_pwr_ex.c.obj
 .debug_info    0x00004b58      0xdf7 cmake/stm32cubemx/CMakeFiles/STM32_Drivers.dir/__/__/Drivers/STM32F4xx_HAL_Driver/Src/stm32f4xx_hal_cortex.c.obj
 .debug_info    0x0000594f      0x9f4 cmake/stm32cubemx/CMakeFiles/STM32_Drivers.dir/__/__/Drivers/STM32F4xx_HAL_Driver/Src/stm32f4xx_hal.c.obj
 .debug_info    0x00006343      0x6c7 CMakeFiles/03_UART.dir/Core/Src/main.c.obj
 .debug_info    0x00006a0a      0x421 CMakeFiles/03_UART.dir/Core/Src/gpio.c.obj
 .debug_info    0x00006e2b      0x935 CMakeFiles/03_UART.dir/Core/Src/usart.c.obj
 .debug_info    0x00007760      0x112 CMakeFiles/03_UART.dir/Core/Src/stm32f4xx_it.c.obj
 .debug_info    0x00007872      0x281 CMakeFiles/03_UART.dir/Core/Src/stm32f4xx_hal_msp.c.obj
 .debug_info    0x00007af3       0x30 CMakeFiles/03_UART.dir/startup_stm32f429xx.s.obj
 .debug_info    0x00007b23      0x6e4 CMakeFiles/03_UART.dir/BSP/bsp_uart.c.obj
 .debug_info    0x00008207       0xe0 C:/Users/ASUS/AppData/Local/stm32cube/bundles/gnu-tools-for-stm32/14.3.1+st.2/bin/../lib/gcc/arm-none-eabi/14.3.1/../../../../arm-none-eabi/lib/thumb/v7e-m+fp/hard\libg_nano.a(libc_a-memset.o)
 .debug_info    0x000082e7      0x10b C:/Users/ASUS/AppData/Local/stm32cube/bundles/gnu-tools-for-stm32/14.3.1+st.2/bin/../lib/gcc/arm-none-eabi/14.3.1/../../../../arm-none-eabi/lib/thumb/v7e-m+fp/hard\libg_nano.a(libc_a-init.o)

.debug_abbrev   0x00000000     0x19ff
 .debug_abbrev  0x00000000      0x11a cmake/stm32cubemx/CMakeFiles/STM32_Drivers.dir/__/__/Core/Src/system_stm32f4xx.c.obj
 .debug_abbrev  0x0000011a      0x323 cmake/stm32cubemx/CMakeFiles/STM32_Drivers.dir/__/__/Drivers/STM32F4xx_HAL_Driver/Src/stm32f4xx_hal_uart.c.obj
 .debug_abbrev  0x0000043d      0x2cc cmake/stm32cubemx/CMakeFiles/STM32_Drivers.dir/__/__/Drivers/STM32F4xx_HAL_Driver/Src/stm32f4xx_hal_rcc.c.obj
 .debug_abbrev  0x00000709      0x1f1 cmake/stm32cubemx/CMakeFiles/STM32_Drivers.dir/__/__/Drivers/STM32F4xx_HAL_Driver/Src/stm32f4xx_hal_gpio.c.obj
 .debug_abbrev  0x000008fa      0x1d7 cmake/stm32cubemx/CMakeFiles/STM32_Drivers.dir/__/__/Drivers/STM32F4xx_HAL_Driver/Src/stm32f4xx_hal_pwr_ex.c.obj
 .debug_abbrev  0x00000ad1      0x339 cmake/stm32cubemx/CMakeFiles/STM32_Drivers.dir/__/__/Drivers/STM32F4xx_HAL_Driver/Src/stm32f4xx_hal_cortex.c.obj
 .debug_abbrev  0x00000e0a      0x21b cmake/stm32cubemx/CMakeFiles/STM32_Drivers.dir/__/__/Drivers/STM32F4xx_HAL_Driver/Src/stm32f4xx_hal.c.obj
 .debug_abbrev  0x00001025      0x23d CMakeFiles/03_UART.dir/Core/Src/main.c.obj
 .debug_abbrev  0x00001262      0x152 CMakeFiles/03_UART.dir/Core/Src/gpio.c.obj
 .debug_abbrev  0x000013b4      0x1f9 CMakeFiles/03_UART.dir/Core/Src/usart.c.obj
 .debug_abbrev  0x000015ad       0x73 CMakeFiles/03_UART.dir/Core/Src/stm32f4xx_it.c.obj
 .debug_abbrev  0x00001620       0xd8 CMakeFiles/03_UART.dir/Core/Src/stm32f4xx_hal_msp.c.obj
 .debug_abbrev  0x000016f8       0x24 CMakeFiles/03_UART.dir/startup_stm32f429xx.s.obj
 .debug_abbrev  0x0000171c      0x17c CMakeFiles/03_UART.dir/BSP/bsp_uart.c.obj
 .debug_abbrev  0x00001898       0x9e C:/Users/ASUS/AppData/Local/stm32cube/bundles/gnu-tools-for-stm32/14.3.1+st.2/bin/../lib/gcc/arm-none-eabi/14.3.1/../../../../arm-none-eabi/lib/thumb/v7e-m+fp/hard\libg_nano.a(libc_a-memset.o)
 .debug_abbrev  0x00001936       0xc9 C:/Users/ASUS/AppData/Local/stm32cube/bundles/gnu-tools-for-stm32/14.3.1+st.2/bin/../lib/gcc/arm-none-eabi/14.3.1/../../../../arm-none-eabi/lib/thumb/v7e-m+fp/hard\libg_nano.a(libc_a-init.o)

.debug_aranges  0x00000000      0x748
 .debug_aranges
                0x00000000       0x28 cmake/stm32cubemx/CMakeFiles/STM32_Drivers.dir/__/__/Core/Src/system_stm32f4xx.c.obj
 .debug_aranges
                0x00000028      0x208 cmake/stm32cubemx/CMakeFiles/STM32_Drivers.dir/__/__/Drivers/STM32F4xx_HAL_Driver/Src/stm32f4xx_hal_uart.c.obj
 .debug_aranges
                0x00000230       0x88 cmake/stm32cubemx/CMakeFiles/STM32_Drivers.dir/__/__/Drivers/STM32F4xx_HAL_Driver/Src/stm32f4xx_hal_rcc.c.obj
 .debug_aranges
                0x000002b8       0x58 cmake/stm32cubemx/CMakeFiles/STM32_Drivers.dir/__/__/Drivers/STM32F4xx_HAL_Driver/Src/stm32f4xx_hal_gpio.c.obj
 .debug_aranges
                0x00000310       0x60 cmake/stm32cubemx/CMakeFiles/STM32_Drivers.dir/__/__/Drivers/STM32F4xx_HAL_Driver/Src/stm32f4xx_hal_pwr_ex.c.obj
 .debug_aranges
                0x00000370      0x130 cmake/stm32cubemx/CMakeFiles/STM32_Drivers.dir/__/__/Drivers/STM32F4xx_HAL_Driver/Src/stm32f4xx_hal_cortex.c.obj
 .debug_aranges
                0x000004a0      0x100 cmake/stm32cubemx/CMakeFiles/STM32_Drivers.dir/__/__/Drivers/STM32F4xx_HAL_Driver/Src/stm32f4xx_hal.c.obj
 .debug_aranges
                0x000005a0       0x38 CMakeFiles/03_UART.dir/Core/Src/main.c.obj
 .debug_aranges
                0x000005d8       0x20 CMakeFiles/03_UART.dir/Core/Src/gpio.c.obj
 .debug_aranges
                0x000005f8       0x30 CMakeFiles/03_UART.dir/Core/Src/usart.c.obj
 .debug_aranges
                0x00000628       0x60 CMakeFiles/03_UART.dir/Core/Src/stm32f4xx_it.c.obj
 .debug_aranges
                0x00000688       0x20 CMakeFiles/03_UART.dir/Core/Src/stm32f4xx_hal_msp.c.obj
 .debug_aranges
                0x000006a8       0x28 CMakeFiles/03_UART.dir/startup_stm32f429xx.s.obj
 .debug_aranges
                0x000006d0       0x38 CMakeFiles/03_UART.dir/BSP/bsp_uart.c.obj
 .debug_aranges
                0x00000708       0x20 C:/Users/ASUS/AppData/Local/stm32cube/bundles/gnu-tools-for-stm32/14.3.1+st.2/bin/../lib/gcc/arm-none-eabi/14.3.1/../../../../arm-none-eabi/lib/thumb/v7e-m+fp/hard\libg_nano.a(libc_a-memset.o)
 .debug_aranges
                0x00000728       0x20 C:/Users/ASUS/AppData/Local/stm32cube/bundles/gnu-tools-for-stm32/14.3.1+st.2/bin/../lib/gcc/arm-none-eabi/14.3.1/../../../../arm-none-eabi/lib/thumb/v7e-m+fp/hard\libg_nano.a(libc_a-init.o)

.debug_rnglists
                0x00000000      0x576
 .debug_rnglists
                0x00000000       0x1a cmake/stm32cubemx/CMakeFiles/STM32_Drivers.dir/__/__/Core/Src/system_stm32f4xx.c.obj
 .debug_rnglists
                0x0000001a      0x1c0 cmake/stm32cubemx/CMakeFiles/STM32_Drivers.dir/__/__/Drivers/STM32F4xx_HAL_Driver/Src/stm32f4xx_hal_uart.c.obj
 .debug_rnglists
                0x000001da       0x66 cmake/stm32cubemx/CMakeFiles/STM32_Drivers.dir/__/__/Drivers/STM32F4xx_HAL_Driver/Src/stm32f4xx_hal_rcc.c.obj
 .debug_rnglists
                0x00000240       0x3f cmake/stm32cubemx/CMakeFiles/STM32_Drivers.dir/__/__/Drivers/STM32F4xx_HAL_Driver/Src/stm32f4xx_hal_gpio.c.obj
 .debug_rnglists
                0x0000027f       0x47 cmake/stm32cubemx/CMakeFiles/STM32_Drivers.dir/__/__/Drivers/STM32F4xx_HAL_Driver/Src/stm32f4xx_hal_pwr_ex.c.obj
 .debug_rnglists
                0x000002c6       0xe0 cmake/stm32cubemx/CMakeFiles/STM32_Drivers.dir/__/__/Drivers/STM32F4xx_HAL_Driver/Src/stm32f4xx_hal_cortex.c.obj
 .debug_rnglists
                0x000003a6       0xbb cmake/stm32cubemx/CMakeFiles/STM32_Drivers.dir/__/__/Drivers/STM32F4xx_HAL_Driver/Src/stm32f4xx_hal.c.obj
 .debug_rnglists
                0x00000461       0x27 CMakeFiles/03_UART.dir/Core/Src/main.c.obj
 .debug_rnglists
                0x00000488       0x14 CMakeFiles/03_UART.dir/Core/Src/gpio.c.obj
 .debug_rnglists
                0x0000049c       0x20 CMakeFiles/03_UART.dir/Core/Src/usart.c.obj
 .debug_rnglists
                0x000004bc       0x43 CMakeFiles/03_UART.dir/Core/Src/stm32f4xx_it.c.obj
 .debug_rnglists
                0x000004ff       0x13 CMakeFiles/03_UART.dir/Core/Src/stm32f4xx_hal_msp.c.obj
 .debug_rnglists
                0x00000512       0x19 CMakeFiles/03_UART.dir/startup_stm32f429xx.s.obj
 .debug_rnglists
                0x0000052b       0x25 CMakeFiles/03_UART.dir/BSP/bsp_uart.c.obj
 .debug_rnglists
                0x00000550       0x13 C:/Users/ASUS/AppData/Local/stm32cube/bundles/gnu-tools-for-stm32/14.3.1+st.2/bin/../lib/gcc/arm-none-eabi/14.3.1/../../../../arm-none-eabi/lib/thumb/v7e-m+fp/hard\libg_nano.a(libc_a-memset.o)
 .debug_rnglists
                0x00000563       0x13 C:/Users/ASUS/AppData/Local/stm32cube/bundles/gnu-tools-for-stm32/14.3.1+st.2/bin/../lib/gcc/arm-none-eabi/14.3.1/../../../../arm-none-eabi/lib/thumb/v7e-m+fp/hard\libg_nano.a(libc_a-init.o)

.debug_macro    0x00000000    0x22b74
 .debug_macro   0x00000000      0x1ba cmake/stm32cubemx/CMakeFiles/STM32_Drivers.dir/__/__/Core/Src/system_stm32f4xx.c.obj
 .debug_macro   0x000001ba      0xad8 cmake/stm32cubemx/CMakeFiles/STM32_Drivers.dir/__/__/Core/Src/system_stm32f4xx.c.obj
 .debug_macro   0x00000c92       0x2e cmake/stm32cubemx/CMakeFiles/STM32_Drivers.dir/__/__/Core/Src/system_stm32f4xx.c.obj
 .debug_macro   0x00000cc0       0x28 cmake/stm32cubemx/CMakeFiles/STM32_Drivers.dir/__/__/Core/Src/system_stm32f4xx.c.obj
 .debug_macro   0x00000ce8       0x22 cmake/stm32cubemx/CMakeFiles/STM32_Drivers.dir/__/__/Core/Src/system_stm32f4xx.c.obj
 .debug_macro   0x00000d0a       0x8e cmake/stm32cubemx/CMakeFiles/STM32_Drivers.dir/__/__/Core/Src/system_stm32f4xx.c.obj
 .debug_macro   0x00000d98       0x51 cmake/stm32cubemx/CMakeFiles/STM32_Drivers.dir/__/__/Core/Src/system_stm32f4xx.c.obj
 .debug_macro   0x00000de9      0x103 cmake/stm32cubemx/CMakeFiles/STM32_Drivers.dir/__/__/Core/Src/system_stm32f4xx.c.obj
 .debug_macro   0x00000eec       0x6a cmake/stm32cubemx/CMakeFiles/STM32_Drivers.dir/__/__/Core/Src/system_stm32f4xx.c.obj
 .debug_macro   0x00000f56      0x1df cmake/stm32cubemx/CMakeFiles/STM32_Drivers.dir/__/__/Core/Src/system_stm32f4xx.c.obj
 .debug_macro   0x00001135       0x1c cmake/stm32cubemx/CMakeFiles/STM32_Drivers.dir/__/__/Core/Src/system_stm32f4xx.c.obj
 .debug_macro   0x00001151       0x22 cmake/stm32cubemx/CMakeFiles/STM32_Drivers.dir/__/__/Core/Src/system_stm32f4xx.c.obj
 .debug_macro   0x00001173       0xfb cmake/stm32cubemx/CMakeFiles/STM32_Drivers.dir/__/__/Core/Src/system_stm32f4xx.c.obj
 .debug_macro   0x0000126e     0x1011 cmake/stm32cubemx/CMakeFiles/STM32_Drivers.dir/__/__/Core/Src/system_stm32f4xx.c.obj
 .debug_macro   0x0000227f      0x11f cmake/stm32cubemx/CMakeFiles/STM32_Drivers.dir/__/__/Core/Src/system_stm32f4xx.c.obj
 .debug_macro   0x0000239e    0x17ff1 cmake/stm32cubemx/CMakeFiles/STM32_Drivers.dir/__/__/Core/Src/system_stm32f4xx.c.obj
 .debug_macro   0x0001a38f       0x6d cmake/stm32cubemx/CMakeFiles/STM32_Drivers.dir/__/__/Core/Src/system_stm32f4xx.c.obj
 .debug_macro   0x0001a3fc      0x29c cmake/stm32cubemx/CMakeFiles/STM32_Drivers.dir/__/__/Core/Src/system_stm32f4xx.c.obj
 .debug_macro   0x0001a698     0x370a cmake/stm32cubemx/CMakeFiles/STM32_Drivers.dir/__/__/Core/Src/system_stm32f4xx.c.obj
 .debug_macro   0x0001dda2      0x190 cmake/stm32cubemx/CMakeFiles/STM32_Drivers.dir/__/__/Core/Src/system_stm32f4xx.c.obj
 .debug_macro   0x0001df32       0x5c cmake/stm32cubemx/CMakeFiles/STM32_Drivers.dir/__/__/Core/Src/system_stm32f4xx.c.obj
 .debug_macro   0x0001df8e      0xcba cmake/stm32cubemx/CMakeFiles/STM32_Drivers.dir/__/__/Core/Src/system_stm32f4xx.c.obj
 .debug_macro   0x0001ec48      0x9e9 cmake/stm32cubemx/CMakeFiles/STM32_Drivers.dir/__/__/Core/Src/system_stm32f4xx.c.obj
 .debug_macro   0x0001f631      0x115 cmake/stm32cubemx/CMakeFiles/STM32_Drivers.dir/__/__/Core/Src/system_stm32f4xx.c.obj
 .debug_macro   0x0001f746      0x156 cmake/stm32cubemx/CMakeFiles/STM32_Drivers.dir/__/__/Core/Src/system_stm32f4xx.c.obj
 .debug_macro   0x0001f89c       0xa5 cmake/stm32cubemx/CMakeFiles/STM32_Drivers.dir/__/__/Core/Src/system_stm32f4xx.c.obj
 .debug_macro   0x0001f941      0x182 cmake/stm32cubemx/CMakeFiles/STM32_Drivers.dir/__/__/Core/Src/system_stm32f4xx.c.obj
 .debug_macro   0x0001fac3      0x287 cmake/stm32cubemx/CMakeFiles/STM32_Drivers.dir/__/__/Core/Src/system_stm32f4xx.c.obj
 .debug_macro   0x0001fd4a       0x5f cmake/stm32cubemx/CMakeFiles/STM32_Drivers.dir/__/__/Core/Src/system_stm32f4xx.c.obj
 .debug_macro   0x0001fda9      0x236 cmake/stm32cubemx/CMakeFiles/STM32_Drivers.dir/__/__/Core/Src/system_stm32f4xx.c.obj
 .debug_macro   0x0001ffdf      0x132 cmake/stm32cubemx/CMakeFiles/STM32_Drivers.dir/__/__/Core/Src/system_stm32f4xx.c.obj
 .debug_macro   0x00020111      0x41d cmake/stm32cubemx/CMakeFiles/STM32_Drivers.dir/__/__/Core/Src/system_stm32f4xx.c.obj
 .debug_macro   0x0002052e       0x2e cmake/stm32cubemx/CMakeFiles/STM32_Drivers.dir/__/__/Core/Src/system_stm32f4xx.c.obj
 .debug_macro   0x0002055c      0x127 cmake/stm32cubemx/CMakeFiles/STM32_Drivers.dir/__/__/Core/Src/system_stm32f4xx.c.obj
 .debug_macro   0x00020683       0xe2 cmake/stm32cubemx/CMakeFiles/STM32_Drivers.dir/__/__/Core/Src/system_stm32f4xx.c.obj
 .debug_macro   0x00020765       0x89 cmake/stm32cubemx/CMakeFiles/STM32_Drivers.dir/__/__/Core/Src/system_stm32f4xx.c.obj
 .debug_macro   0x000207ee      0x2aa cmake/stm32cubemx/CMakeFiles/STM32_Drivers.dir/__/__/Core/Src/system_stm32f4xx.c.obj
 .debug_macro   0x00020a98      0x134 cmake/stm32cubemx/CMakeFiles/STM32_Drivers.dir/__/__/Core/Src/system_stm32f4xx.c.obj
 .debug_macro   0x00020bcc      0x1bb cmake/stm32cubemx/CMakeFiles/STM32_Drivers.dir/__/__/Drivers/STM32F4xx_HAL_Driver/Src/stm32f4xx_hal_uart.c.obj
 .debug_macro   0x00020d87      0x1de cmake/stm32cubemx/CMakeFiles/STM32_Drivers.dir/__/__/Drivers/STM32F4xx_HAL_Driver/Src/stm32f4xx_hal_rcc.c.obj
 .debug_macro   0x00020f65      0x1c0 cmake/stm32cubemx/CMakeFiles/STM32_Drivers.dir/__/__/Drivers/STM32F4xx_HAL_Driver/Src/stm32f4xx_hal_gpio.c.obj
 .debug_macro   0x00021125      0x1d2 cmake/stm32cubemx/CMakeFiles/STM32_Drivers.dir/__/__/Drivers/STM32F4xx_HAL_Driver/Src/stm32f4xx_hal_pwr_ex.c.obj
 .debug_macro   0x000212f7      0x1ba cmake/stm32cubemx/CMakeFiles/STM32_Drivers.dir/__/__/Drivers/STM32F4xx_HAL_Driver/Src/stm32f4xx_hal_cortex.c.obj
 .debug_macro   0x000214b1      0x21a cmake/stm32cubemx/CMakeFiles/STM32_Drivers.dir/__/__/Drivers/STM32F4xx_HAL_Driver/Src/stm32f4xx_hal.c.obj
 .debug_macro   0x000216cb      0x2d1 CMakeFiles/03_UART.dir/Core/Src/main.c.obj
 .debug_macro   0x0002199c       0x64 CMakeFiles/03_UART.dir/Core/Src/main.c.obj
 .debug_macro   0x00021a00       0x2e CMakeFiles/03_UART.dir/Core/Src/main.c.obj
 .debug_macro   0x00021a2e       0x28 CMakeFiles/03_UART.dir/Core/Src/main.c.obj
 .debug_macro   0x00021a56       0x28 CMakeFiles/03_UART.dir/Core/Src/main.c.obj
 .debug_macro   0x00021a7e       0x74 CMakeFiles/03_UART.dir/Core/Src/main.c.obj
 .debug_macro   0x00021af2       0x2a CMakeFiles/03_UART.dir/Core/Src/main.c.obj
 .debug_macro   0x00021b1c       0x3c CMakeFiles/03_UART.dir/Core/Src/main.c.obj
 .debug_macro   0x00021b58       0x34 CMakeFiles/03_UART.dir/Core/Src/main.c.obj
 .debug_macro   0x00021b8c      0x364 CMakeFiles/03_UART.dir/Core/Src/main.c.obj
 .debug_macro   0x00021ef0       0x16 CMakeFiles/03_UART.dir/Core/Src/main.c.obj
 .debug_macro   0x00021f06       0x4a CMakeFiles/03_UART.dir/Core/Src/main.c.obj
 .debug_macro   0x00021f50       0x34 CMakeFiles/03_UART.dir/Core/Src/main.c.obj
 .debug_macro   0x00021f84       0x10 CMakeFiles/03_UART.dir/Core/Src/main.c.obj
 .debug_macro   0x00021f94       0x58 CMakeFiles/03_UART.dir/Core/Src/main.c.obj
 .debug_macro   0x00021fec      0x1de CMakeFiles/03_UART.dir/Core/Src/main.c.obj
 .debug_macro   0x000221ca       0x10 CMakeFiles/03_UART.dir/Core/Src/main.c.obj
 .debug_macro   0x000221da       0x3c CMakeFiles/03_UART.dir/Core/Src/main.c.obj
 .debug_macro   0x00022216       0x20 CMakeFiles/03_UART.dir/Core/Src/main.c.obj
 .debug_macro   0x00022236      0x206 CMakeFiles/03_UART.dir/Core/Src/gpio.c.obj
 .debug_macro   0x0002243c      0x1ce CMakeFiles/03_UART.dir/Core/Src/usart.c.obj
 .debug_macro   0x0002260a      0x1ce CMakeFiles/03_UART.dir/Core/Src/stm32f4xx_it.c.obj
 .debug_macro   0x000227d8      0x1c4 CMakeFiles/03_UART.dir/Core/Src/stm32f4xx_hal_msp.c.obj
 .debug_macro   0x0002299c      0x1d8 CMakeFiles/03_UART.dir/BSP/bsp_uart.c.obj

.debug_line     0x00000000     0xa5e5
 .debug_line    0x00000000      0x7df cmake/stm32cubemx/CMakeFiles/STM32_Drivers.dir/__/__/Core/Src/system_stm32f4xx.c.obj
 .debug_line    0x000007df     0x27ef cmake/stm32cubemx/CMakeFiles/STM32_Drivers.dir/__/__/Drivers/STM32F4xx_HAL_Driver/Src/stm32f4xx_hal_uart.c.obj
 .debug_line    0x00002fce     0x1057 cmake/stm32cubemx/CMakeFiles/STM32_Drivers.dir/__/__/Drivers/STM32F4xx_HAL_Driver/Src/stm32f4xx_hal_rcc.c.obj
 .debug_line    0x00004025      0xdd7 cmake/stm32cubemx/CMakeFiles/STM32_Drivers.dir/__/__/Drivers/STM32F4xx_HAL_Driver/Src/stm32f4xx_hal_gpio.c.obj
 .debug_line    0x00004dfc      0x9f9 cmake/stm32cubemx/CMakeFiles/STM32_Drivers.dir/__/__/Drivers/STM32F4xx_HAL_Driver/Src/stm32f4xx_hal_pwr_ex.c.obj
 .debug_line    0x000057f5      0xf48 cmake/stm32cubemx/CMakeFiles/STM32_Drivers.dir/__/__/Drivers/STM32F4xx_HAL_Driver/Src/stm32f4xx_hal_cortex.c.obj
 .debug_line    0x0000673d      0xaa8 cmake/stm32cubemx/CMakeFiles/STM32_Drivers.dir/__/__/Drivers/STM32F4xx_HAL_Driver/Src/stm32f4xx_hal.c.obj
 .debug_line    0x000071e5      0x946 CMakeFiles/03_UART.dir/Core/Src/main.c.obj
 .debug_line    0x00007b2b      0x81f CMakeFiles/03_UART.dir/Core/Src/gpio.c.obj
 .debug_line    0x0000834a      0x7d7 CMakeFiles/03_UART.dir/Core/Src/usart.c.obj
 .debug_line    0x00008b21      0x818 CMakeFiles/03_UART.dir/Core/Src/stm32f4xx_it.c.obj
 .debug_line    0x00009339      0x769 CMakeFiles/03_UART.dir/Core/Src/stm32f4xx_hal_msp.c.obj
 .debug_line    0x00009aa2       0x7a CMakeFiles/03_UART.dir/startup_stm32f429xx.s.obj
 .debug_line    0x00009b1c      0x7e3 CMakeFiles/03_UART.dir/BSP/bsp_uart.c.obj
 .debug_line    0x0000a2ff      0x17e C:/Users/ASUS/AppData/Local/stm32cube/bundles/gnu-tools-for-stm32/14.3.1+st.2/bin/../lib/gcc/arm-none-eabi/14.3.1/../../../../arm-none-eabi/lib/thumb/v7e-m+fp/hard\libg_nano.a(libc_a-memset.o)
 .debug_line    0x0000a47d      0x168 C:/Users/ASUS/AppData/Local/stm32cube/bundles/gnu-tools-for-stm32/14.3.1+st.2/bin/../lib/gcc/arm-none-eabi/14.3.1/../../../../arm-none-eabi/lib/thumb/v7e-m+fp/hard\libg_nano.a(libc_a-init.o)

.debug_str      0x00000000    0xd140f
 .debug_str     0x00000000    0xd140f cmake/stm32cubemx/CMakeFiles/STM32_Drivers.dir/__/__/Core/Src/system_stm32f4xx.c.obj
                              0xcbef1 (size before relaxing)
 .debug_str     0x000d140f    0xcc901 cmake/stm32cubemx/CMakeFiles/STM32_Drivers.dir/__/__/Drivers/STM32F4xx_HAL_Driver/Src/stm32f4xx_hal_uart.c.obj
 .debug_str     0x000d140f    0xcc333 cmake/stm32cubemx/CMakeFiles/STM32_Drivers.dir/__/__/Drivers/STM32F4xx_HAL_Driver/Src/stm32f4xx_hal_rcc.c.obj
 .debug_str     0x000d140f    0xcc07a cmake/stm32cubemx/CMakeFiles/STM32_Drivers.dir/__/__/Drivers/STM32F4xx_HAL_Driver/Src/stm32f4xx_hal_gpio.c.obj
 .debug_str     0x000d140f    0xcc0d7 cmake/stm32cubemx/CMakeFiles/STM32_Drivers.dir/__/__/Drivers/STM32F4xx_HAL_Driver/Src/stm32f4xx_hal_pwr_ex.c.obj
 .debug_str     0x000d140f    0xcc864 cmake/stm32cubemx/CMakeFiles/STM32_Drivers.dir/__/__/Drivers/STM32F4xx_HAL_Driver/Src/stm32f4xx_hal_cortex.c.obj
 .debug_str     0x000d140f    0xccb34 cmake/stm32cubemx/CMakeFiles/STM32_Drivers.dir/__/__/Drivers/STM32F4xx_HAL_Driver/Src/stm32f4xx_hal.c.obj
 .debug_str     0x000d140f    0xcf164 CMakeFiles/03_UART.dir/Core/Src/main.c.obj
 .debug_str     0x000d140f    0xcc404 CMakeFiles/03_UART.dir/Core/Src/gpio.c.obj
 .debug_str     0x000d140f    0xcc3c9 CMakeFiles/03_UART.dir/Core/Src/usart.c.obj
 .debug_str     0x000d140f    0xcbdb4 CMakeFiles/03_UART.dir/Core/Src/stm32f4xx_it.c.obj
 .debug_str     0x000d140f    0xcbe41 CMakeFiles/03_UART.dir/Core/Src/stm32f4xx_hal_msp.c.obj
 .debug_str     0x000d140f       0x94 CMakeFiles/03_UART.dir/startup_stm32f429xx.s.obj
 .debug_str     0x000d140f    0xcc266 CMakeFiles/03_UART.dir/BSP/bsp_uart.c.obj
 .debug_str     0x000d140f      0x211 C:/Users/ASUS/AppData/Local/stm32cube/bundles/gnu-tools-for-stm32/14.3.1+st.2/bin/../lib/gcc/arm-none-eabi/14.3.1/../../../../arm-none-eabi/lib/thumb/v7e-m+fp/hard\libg_nano.a(libc_a-memset.o)
 .debug_str     0x000d140f      0x272 C:/Users/ASUS/AppData/Local/stm32cube/bundles/gnu-tools-for-stm32/14.3.1+st.2/bin/../lib/gcc/arm-none-eabi/14.3.1/../../../../arm-none-eabi/lib/thumb/v7e-m+fp/hard\libg_nano.a(libc_a-init.o)

.debug_frame    0x00000000     0x194c
 .debug_frame   0x00000000       0x50 cmake/stm32cubemx/CMakeFiles/STM32_Drivers.dir/__/__/Core/Src/system_stm32f4xx.c.obj
 .debug_frame   0x00000050      0x8ec cmake/stm32cubemx/CMakeFiles/STM32_Drivers.dir/__/__/Drivers/STM32F4xx_HAL_Driver/Src/stm32f4xx_hal_uart.c.obj
 .debug_frame   0x0000093c      0x1dc cmake/stm32cubemx/CMakeFiles/STM32_Drivers.dir/__/__/Drivers/STM32F4xx_HAL_Driver/Src/stm32f4xx_hal_rcc.c.obj
 .debug_frame   0x00000b18      0x138 cmake/stm32cubemx/CMakeFiles/STM32_Drivers.dir/__/__/Drivers/STM32F4xx_HAL_Driver/Src/stm32f4xx_hal_gpio.c.obj
 .debug_frame   0x00000c50      0x13c cmake/stm32cubemx/CMakeFiles/STM32_Drivers.dir/__/__/Drivers/STM32F4xx_HAL_Driver/Src/stm32f4xx_hal_pwr_ex.c.obj
 .debug_frame   0x00000d8c      0x4bc cmake/stm32cubemx/CMakeFiles/STM32_Drivers.dir/__/__/Drivers/STM32F4xx_HAL_Driver/Src/stm32f4xx_hal_cortex.c.obj
 .debug_frame   0x00001248      0x354 cmake/stm32cubemx/CMakeFiles/STM32_Drivers.dir/__/__/Drivers/STM32F4xx_HAL_Driver/Src/stm32f4xx_hal.c.obj
 .debug_frame   0x0000159c       0x90 CMakeFiles/03_UART.dir/Core/Src/main.c.obj
 .debug_frame   0x0000162c       0x34 CMakeFiles/03_UART.dir/Core/Src/gpio.c.obj
 .debug_frame   0x00001660       0x74 CMakeFiles/03_UART.dir/Core/Src/usart.c.obj
 .debug_frame   0x000016d4       0xf8 CMakeFiles/03_UART.dir/Core/Src/stm32f4xx_it.c.obj
 .debug_frame   0x000017cc       0x34 CMakeFiles/03_UART.dir/Core/Src/stm32f4xx_hal_msp.c.obj
 .debug_frame   0x00001800       0xa0 CMakeFiles/03_UART.dir/BSP/bsp_uart.c.obj
 .debug_frame   0x000018a0       0x2c C:/Users/ASUS/AppData/Local/stm32cube/bundles/gnu-tools-for-stm32/14.3.1+st.2/bin/../lib/gcc/arm-none-eabi/14.3.1/thumb/v7e-m+fp/hard\libgcc.a(_aeabi_uldivmod.o)
 .debug_frame   0x000018cc       0x34 C:/Users/ASUS/AppData/Local/stm32cube/bundles/gnu-tools-for-stm32/14.3.1+st.2/bin/../lib/gcc/arm-none-eabi/14.3.1/thumb/v7e-m+fp/hard\libgcc.a(_udivmoddi4.o)
 .debug_frame   0x00001900       0x20 C:/Users/ASUS/AppData/Local/stm32cube/bundles/gnu-tools-for-stm32/14.3.1+st.2/bin/../lib/gcc/arm-none-eabi/14.3.1/../../../../arm-none-eabi/lib/thumb/v7e-m+fp/hard\libg_nano.a(libc_a-memset.o)
 .debug_frame   0x00001920       0x2c C:/Users/ASUS/AppData/Local/stm32cube/bundles/gnu-tools-for-stm32/14.3.1+st.2/bin/../lib/gcc/arm-none-eabi/14.3.1/../../../../arm-none-eabi/lib/thumb/v7e-m+fp/hard\libg_nano.a(libc_a-init.o)

.debug_line_str
                0x00000000       0x78
 .debug_line_str
                0x00000000       0x78 CMakeFiles/03_UART.dir/startup_stm32f429xx.s.obj

.debug_loclists
                0x00000000       0xa1
 .debug_loclists
                0x00000000       0x4d C:/Users/ASUS/AppData/Local/stm32cube/bundles/gnu-tools-for-stm32/14.3.1+st.2/bin/../lib/gcc/arm-none-eabi/14.3.1/../../../../arm-none-eabi/lib/thumb/v7e-m+fp/hard\libg_nano.a(libc_a-memset.o)
 .debug_loclists
                0x0000004d       0x54 C:/Users/ASUS/AppData/Local/stm32cube/bundles/gnu-tools-for-stm32/14.3.1+st.2/bin/../lib/gcc/arm-none-eabi/14.3.1/../../../../arm-none-eabi/lib/thumb/v7e-m+fp/hard\libg_nano.a(libc_a-init.o)
